 
****************************************
Report : cell
Design : multiplier_mc
Version: S-2021.06-SP2
Date   : Sat Jul 11 18:47:33 2026
****************************************

Attributes:
   BO - reference allows boundary optimization
    b - black box (unknown)
    h - hierarchical
    n - noncombinational
    r - removable
    u - contains unmapped logic

Cell                      Reference       Library             Area  Attributes
--------------------------------------------------------------------------------
U3                        AO22X1_RVT      saed32rvt_tt1p05v25c
                                                          2.541440  
U4                        AO22X1_RVT      saed32rvt_tt1p05v25c
                                                          2.541440  
U5                        AO22X1_RVT      saed32rvt_tt1p05v25c
                                                          2.541440  
U6                        AO22X1_RVT      saed32rvt_tt1p05v25c
                                                          2.541440  
U7                        AO22X1_RVT      saed32rvt_tt1p05v25c
                                                          2.541440  
U8                        AO22X1_RVT      saed32rvt_tt1p05v25c
                                                          2.541440  
U9                        AO22X1_RVT      saed32rvt_tt1p05v25c
                                                          2.541440  
U10                       AO22X1_RVT      saed32rvt_tt1p05v25c
                                                          2.541440  
U11                       AO22X1_RVT      saed32rvt_tt1p05v25c
                                                          2.541440  
U12                       AO22X1_RVT      saed32rvt_tt1p05v25c
                                                          2.541440  
U13                       AO22X1_RVT      saed32rvt_tt1p05v25c
                                                          2.541440  
U14                       AO22X1_RVT      saed32rvt_tt1p05v25c
                                                          2.541440  
U15                       AO22X1_RVT      saed32rvt_tt1p05v25c
                                                          2.541440  
U16                       AO22X1_RVT      saed32rvt_tt1p05v25c
                                                          2.541440  
U17                       AO22X1_RVT      saed32rvt_tt1p05v25c
                                                          2.541440  
U18                       AO22X1_RVT      saed32rvt_tt1p05v25c
                                                          2.541440  
U19                       AO22X1_RVT      saed32rvt_tt1p05v25c
                                                          2.541440  
U20                       AO22X1_RVT      saed32rvt_tt1p05v25c
                                                          2.541440  
U21                       AO22X1_RVT      saed32rvt_tt1p05v25c
                                                          2.541440  
U22                       AO22X1_RVT      saed32rvt_tt1p05v25c
                                                          2.541440  
U23                       AO22X1_RVT      saed32rvt_tt1p05v25c
                                                          2.541440  
U24                       AO22X1_RVT      saed32rvt_tt1p05v25c
                                                          2.541440  
U25                       AO22X1_RVT      saed32rvt_tt1p05v25c
                                                          2.541440  
U26                       AO22X1_RVT      saed32rvt_tt1p05v25c
                                                          2.541440  
U27                       AO22X1_RVT      saed32rvt_tt1p05v25c
                                                          2.541440  
U28                       AO22X1_RVT      saed32rvt_tt1p05v25c
                                                          2.541440  
U29                       AO22X1_RVT      saed32rvt_tt1p05v25c
                                                          2.541440  
U30                       AO22X1_RVT      saed32rvt_tt1p05v25c
                                                          2.541440  
U31                       AO22X1_RVT      saed32rvt_tt1p05v25c
                                                          2.541440  
U32                       AO22X1_RVT      saed32rvt_tt1p05v25c
                                                          2.541440  
U33                       AO22X1_RVT      saed32rvt_tt1p05v25c
                                                          2.541440  
U34                       AO22X1_RVT      saed32rvt_tt1p05v25c
                                                          2.541440  
U35                       AO22X1_RVT      saed32rvt_tt1p05v25c
                                                          2.541440  
U36                       AO22X1_RVT      saed32rvt_tt1p05v25c
                                                          2.541440  
U37                       AO22X1_RVT      saed32rvt_tt1p05v25c
                                                          2.541440  
U38                       AO22X1_RVT      saed32rvt_tt1p05v25c
                                                          2.541440  
U39                       AO22X1_RVT      saed32rvt_tt1p05v25c
                                                          2.541440  
U40                       AO22X1_RVT      saed32rvt_tt1p05v25c
                                                          2.541440  
U41                       AO22X1_RVT      saed32rvt_tt1p05v25c
                                                          2.541440  
U42                       AO22X1_RVT      saed32rvt_tt1p05v25c
                                                          2.541440  
U43                       AO22X1_RVT      saed32rvt_tt1p05v25c
                                                          2.541440  
U44                       AO22X1_RVT      saed32rvt_tt1p05v25c
                                                          2.541440  
U45                       AO22X1_RVT      saed32rvt_tt1p05v25c
                                                          2.541440  
U46                       AO22X1_RVT      saed32rvt_tt1p05v25c
                                                          2.541440  
U47                       AO22X1_RVT      saed32rvt_tt1p05v25c
                                                          2.541440  
U48                       AO22X1_RVT      saed32rvt_tt1p05v25c
                                                          2.541440  
U49                       AO22X1_RVT      saed32rvt_tt1p05v25c
                                                          2.541440  
U50                       AO22X1_RVT      saed32rvt_tt1p05v25c
                                                          2.541440  
U51                       AO22X1_RVT      saed32rvt_tt1p05v25c
                                                          2.541440  
U52                       AO22X1_RVT      saed32rvt_tt1p05v25c
                                                          2.541440  
U53                       AO22X1_RVT      saed32rvt_tt1p05v25c
                                                          2.541440  
U54                       AO22X1_RVT      saed32rvt_tt1p05v25c
                                                          2.541440  
U55                       AO22X1_RVT      saed32rvt_tt1p05v25c
                                                          2.541440  
U56                       AO22X1_RVT      saed32rvt_tt1p05v25c
                                                          2.541440  
U57                       AO22X1_RVT      saed32rvt_tt1p05v25c
                                                          2.541440  
U58                       AO22X1_RVT      saed32rvt_tt1p05v25c
                                                          2.541440  
U59                       AO22X1_RVT      saed32rvt_tt1p05v25c
                                                          2.541440  
U60                       AO22X1_RVT      saed32rvt_tt1p05v25c
                                                          2.541440  
U61                       AO22X1_RVT      saed32rvt_tt1p05v25c
                                                          2.541440  
U62                       AO22X1_RVT      saed32rvt_tt1p05v25c
                                                          2.541440  
U63                       AO22X1_RVT      saed32rvt_tt1p05v25c
                                                          2.541440  
U64                       AO22X1_RVT      saed32rvt_tt1p05v25c
                                                          2.541440  
U65                       AO22X1_RVT      saed32rvt_tt1p05v25c
                                                          2.541440  
U66                       AO22X1_RVT      saed32rvt_tt1p05v25c
                                                          2.541440  
U68                       AO22X1_RVT      saed32rvt_tt1p05v25c
                                                          2.541440  
U69                       AO22X1_RVT      saed32rvt_tt1p05v25c
                                                          2.541440  
U70                       AO22X1_RVT      saed32rvt_tt1p05v25c
                                                          2.541440  
U71                       AO22X1_RVT      saed32rvt_tt1p05v25c
                                                          2.541440  
U72                       AO22X1_RVT      saed32rvt_tt1p05v25c
                                                          2.541440  
U73                       AO22X1_RVT      saed32rvt_tt1p05v25c
                                                          2.541440  
U74                       AO22X1_RVT      saed32rvt_tt1p05v25c
                                                          2.541440  
U75                       AO22X1_RVT      saed32rvt_tt1p05v25c
                                                          2.541440  
U76                       AO22X1_RVT      saed32rvt_tt1p05v25c
                                                          2.541440  
U77                       AO22X1_RVT      saed32rvt_tt1p05v25c
                                                          2.541440  
U78                       AO22X1_RVT      saed32rvt_tt1p05v25c
                                                          2.541440  
U79                       AO22X1_RVT      saed32rvt_tt1p05v25c
                                                          2.541440  
U80                       AO22X1_RVT      saed32rvt_tt1p05v25c
                                                          2.541440  
U81                       AO22X1_RVT      saed32rvt_tt1p05v25c
                                                          2.541440  
U82                       AO22X1_RVT      saed32rvt_tt1p05v25c
                                                          2.541440  
U83                       AO22X1_RVT      saed32rvt_tt1p05v25c
                                                          2.541440  
U84                       AO22X1_RVT      saed32rvt_tt1p05v25c
                                                          2.541440  
U85                       AO22X1_RVT      saed32rvt_tt1p05v25c
                                                          2.541440  
U86                       AO22X1_RVT      saed32rvt_tt1p05v25c
                                                          2.541440  
U87                       AO22X1_RVT      saed32rvt_tt1p05v25c
                                                          2.541440  
U88                       AO22X1_RVT      saed32rvt_tt1p05v25c
                                                          2.541440  
U89                       AO22X1_RVT      saed32rvt_tt1p05v25c
                                                          2.541440  
U90                       AO22X1_RVT      saed32rvt_tt1p05v25c
                                                          2.541440  
U91                       AO22X1_RVT      saed32rvt_tt1p05v25c
                                                          2.541440  
U92                       AO22X1_RVT      saed32rvt_tt1p05v25c
                                                          2.541440  
U93                       AO22X1_RVT      saed32rvt_tt1p05v25c
                                                          2.541440  
U94                       AO22X1_RVT      saed32rvt_tt1p05v25c
                                                          2.541440  
U95                       AO22X1_RVT      saed32rvt_tt1p05v25c
                                                          2.541440  
U96                       AO22X1_RVT      saed32rvt_tt1p05v25c
                                                          2.541440  
U97                       AO22X1_RVT      saed32rvt_tt1p05v25c
                                                          2.541440  
U98                       AO22X1_RVT      saed32rvt_tt1p05v25c
                                                          2.541440  
U99                       AO22X1_RVT      saed32rvt_tt1p05v25c
                                                          2.541440  
U100                      AO22X1_RVT      saed32rvt_tt1p05v25c
                                                          2.541440  
U101                      AO22X1_RVT      saed32rvt_tt1p05v25c
                                                          2.541440  
U102                      AO22X1_RVT      saed32rvt_tt1p05v25c
                                                          2.541440  
U103                      AO22X1_RVT      saed32rvt_tt1p05v25c
                                                          2.541440  
U104                      AO22X1_RVT      saed32rvt_tt1p05v25c
                                                          2.541440  
U105                      AO22X1_RVT      saed32rvt_tt1p05v25c
                                                          2.541440  
U106                      AO22X1_RVT      saed32rvt_tt1p05v25c
                                                          2.541440  
U107                      AO22X1_RVT      saed32rvt_tt1p05v25c
                                                          2.541440  
U108                      AO22X1_RVT      saed32rvt_tt1p05v25c
                                                          2.541440  
U109                      AO22X1_RVT      saed32rvt_tt1p05v25c
                                                          2.541440  
U110                      AO22X1_RVT      saed32rvt_tt1p05v25c
                                                          2.541440  
U111                      AO22X1_RVT      saed32rvt_tt1p05v25c
                                                          2.541440  
U112                      AO22X1_RVT      saed32rvt_tt1p05v25c
                                                          2.541440  
U113                      AO22X1_RVT      saed32rvt_tt1p05v25c
                                                          2.541440  
U114                      AO22X1_RVT      saed32rvt_tt1p05v25c
                                                          2.541440  
U115                      AO22X1_RVT      saed32rvt_tt1p05v25c
                                                          2.541440  
U116                      AO22X1_RVT      saed32rvt_tt1p05v25c
                                                          2.541440  
U117                      AO22X1_RVT      saed32rvt_tt1p05v25c
                                                          2.541440  
U118                      AO22X1_RVT      saed32rvt_tt1p05v25c
                                                          2.541440  
U119                      AO22X1_RVT      saed32rvt_tt1p05v25c
                                                          2.541440  
U120                      AO22X1_RVT      saed32rvt_tt1p05v25c
                                                          2.541440  
U121                      AO22X1_RVT      saed32rvt_tt1p05v25c
                                                          2.541440  
U122                      AO22X1_RVT      saed32rvt_tt1p05v25c
                                                          2.541440  
U123                      AO22X1_RVT      saed32rvt_tt1p05v25c
                                                          2.541440  
U124                      AO22X1_RVT      saed32rvt_tt1p05v25c
                                                          2.541440  
U125                      AO22X1_RVT      saed32rvt_tt1p05v25c
                                                          2.541440  
U126                      AO22X1_RVT      saed32rvt_tt1p05v25c
                                                          2.541440  
U127                      AO22X1_RVT      saed32rvt_tt1p05v25c
                                                          2.541440  
U128                      AO22X1_RVT      saed32rvt_tt1p05v25c
                                                          2.541440  
U129                      AO22X1_RVT      saed32rvt_tt1p05v25c
                                                          2.541440  
U130                      AO22X1_RVT      saed32rvt_tt1p05v25c
                                                          2.541440  
U131                      AO22X1_RVT      saed32rvt_tt1p05v25c
                                                          2.541440  
U133                      AO22X1_RVT      saed32rvt_tt1p05v25c
                                                          2.541440  
U134                      AND2X1_RVT      saed32rvt_tt1p05v25c
                                                          2.033152  
U135                      NAND2X0_RVT     saed32rvt_tt1p05v25c
                                                          1.524864  
U137                      AO21X1_RVT      saed32rvt_tt1p05v25c
                                                          2.541440  
U138                      AND4X1_RVT      saed32rvt_tt1p05v25c
                                                          2.541440  
U140                      AO22X1_RVT      saed32rvt_tt1p05v25c
                                                          2.541440  
U141                      AO22X1_RVT      saed32rvt_tt1p05v25c
                                                          2.541440  
U142                      AND2X1_RVT      saed32rvt_tt1p05v25c
                                                          2.033152  
U145                      AO21X1_RVT      saed32rvt_tt1p05v25c
                                                          2.541440  
U149                      AND2X1_RVT      saed32rvt_tt1p05v25c
                                                          2.033152  
U152                      INVX0_RVT       saed32rvt_tt1p05v25c
                                                          1.270720  
U153                      INVX1_RVT       saed32rvt_tt1p05v25c
                                                          1.270720  
U154                      INVX1_RVT       saed32rvt_tt1p05v25c
                                                          1.270720  
U155                      INVX1_RVT       saed32rvt_tt1p05v25c
                                                          1.270720  
U156                      INVX1_RVT       saed32rvt_tt1p05v25c
                                                          1.270720  
U157                      NBUFFX2_RVT     saed32rvt_tt1p05v25c
                                                          2.033152  
U158                      NBUFFX2_RVT     saed32rvt_tt1p05v25c
                                                          2.033152  
U159                      NBUFFX2_RVT     saed32rvt_tt1p05v25c
                                                          2.033152  
U160                      NBUFFX2_RVT     saed32rvt_tt1p05v25c
                                                          2.033152  
U161                      NBUFFX2_RVT     saed32rvt_tt1p05v25c
                                                          2.033152  
U162                      NBUFFX2_RVT     saed32rvt_tt1p05v25c
                                                          2.033152  
U163                      NBUFFX2_RVT     saed32rvt_tt1p05v25c
                                                          2.033152  
U164                      NBUFFX2_RVT     saed32rvt_tt1p05v25c
                                                          2.033152  
U165                      NBUFFX2_RVT     saed32rvt_tt1p05v25c
                                                          2.033152  
U166                      INVX1_RVT       saed32rvt_tt1p05v25c
                                                          1.270720  
U167                      INVX1_RVT       saed32rvt_tt1p05v25c
                                                          1.270720  
U168                      NBUFFX2_RVT     saed32rvt_tt1p05v25c
                                                          2.033152  
U169                      NBUFFX2_RVT     saed32rvt_tt1p05v25c
                                                          2.033152  
U170                      NBUFFX2_RVT     saed32rvt_tt1p05v25c
                                                          2.033152  
U171                      NBUFFX2_RVT     saed32rvt_tt1p05v25c
                                                          2.033152  
U172                      NBUFFX2_RVT     saed32rvt_tt1p05v25c
                                                          2.033152  
U173                      NBUFFX2_RVT     saed32rvt_tt1p05v25c
                                                          2.033152  
U174                      NBUFFX2_RVT     saed32rvt_tt1p05v25c
                                                          2.033152  
U175                      NBUFFX2_RVT     saed32rvt_tt1p05v25c
                                                          2.033152  
U176                      NBUFFX2_RVT     saed32rvt_tt1p05v25c
                                                          2.033152  
U177                      NBUFFX2_RVT     saed32rvt_tt1p05v25c
                                                          2.033152  
U178                      NBUFFX2_RVT     saed32rvt_tt1p05v25c
                                                          2.033152  
U179                      AND2X1_RVT      saed32rvt_tt1p05v25c
                                                          2.033152  
U180                      NAND3X2_RVT     saed32rvt_tt1p05v25c
                                                          3.049728  
U181                      NBUFFX2_RVT     saed32rvt_tt1p05v25c
                                                          2.033152  
U182                      NAND3X2_RVT     saed32rvt_tt1p05v25c
                                                          3.049728  
U183                      NAND3X2_RVT     saed32rvt_tt1p05v25c
                                                          3.049728  
U184                      INVX1_RVT       saed32rvt_tt1p05v25c
                                                          1.270720  
U185                      INVX1_RVT       saed32rvt_tt1p05v25c
                                                          1.270720  
U186                      INVX1_RVT       saed32rvt_tt1p05v25c
                                                          1.270720  
a_reg_reg[0]              DFFARX1_RVT     saed32rvt_tt1p05v25c
                                                          7.116032  n
a_reg_reg[1]              DFFARX1_RVT     saed32rvt_tt1p05v25c
                                                          7.116032  n
a_reg_reg[2]              DFFARX1_RVT     saed32rvt_tt1p05v25c
                                                          7.116032  n
a_reg_reg[3]              DFFARX1_RVT     saed32rvt_tt1p05v25c
                                                          7.116032  n
a_reg_reg[4]              DFFARX1_RVT     saed32rvt_tt1p05v25c
                                                          7.116032  n
a_reg_reg[5]              DFFARX1_RVT     saed32rvt_tt1p05v25c
                                                          7.116032  n
a_reg_reg[6]              DFFARX1_RVT     saed32rvt_tt1p05v25c
                                                          7.116032  n
a_reg_reg[7]              DFFARX1_RVT     saed32rvt_tt1p05v25c
                                                          7.116032  n
a_reg_reg[8]              DFFARX1_RVT     saed32rvt_tt1p05v25c
                                                          7.116032  n
a_reg_reg[9]              DFFARX1_RVT     saed32rvt_tt1p05v25c
                                                          7.116032  n
a_reg_reg[10]             DFFARX1_RVT     saed32rvt_tt1p05v25c
                                                          7.116032  n
a_reg_reg[11]             DFFARX1_RVT     saed32rvt_tt1p05v25c
                                                          7.116032  n
a_reg_reg[12]             DFFARX1_RVT     saed32rvt_tt1p05v25c
                                                          7.116032  n
a_reg_reg[13]             DFFARX1_RVT     saed32rvt_tt1p05v25c
                                                          7.116032  n
a_reg_reg[14]             DFFARX1_RVT     saed32rvt_tt1p05v25c
                                                          7.116032  n
a_reg_reg[15]             DFFARX1_RVT     saed32rvt_tt1p05v25c
                                                          7.116032  n
a_reg_reg[16]             DFFARX1_RVT     saed32rvt_tt1p05v25c
                                                          7.116032  n
a_reg_reg[17]             DFFARX1_RVT     saed32rvt_tt1p05v25c
                                                          7.116032  n
a_reg_reg[18]             DFFARX1_RVT     saed32rvt_tt1p05v25c
                                                          7.116032  n
a_reg_reg[19]             DFFARX1_RVT     saed32rvt_tt1p05v25c
                                                          7.116032  n
a_reg_reg[20]             DFFARX1_RVT     saed32rvt_tt1p05v25c
                                                          7.116032  n
a_reg_reg[21]             DFFARX1_RVT     saed32rvt_tt1p05v25c
                                                          7.116032  n
a_reg_reg[22]             DFFARX1_RVT     saed32rvt_tt1p05v25c
                                                          7.116032  n
a_reg_reg[23]             DFFARX1_RVT     saed32rvt_tt1p05v25c
                                                          7.116032  n
a_reg_reg[24]             DFFARX1_RVT     saed32rvt_tt1p05v25c
                                                          7.116032  n
a_reg_reg[25]             DFFARX1_RVT     saed32rvt_tt1p05v25c
                                                          7.116032  n
a_reg_reg[26]             DFFARX1_RVT     saed32rvt_tt1p05v25c
                                                          7.116032  n
a_reg_reg[27]             DFFARX1_RVT     saed32rvt_tt1p05v25c
                                                          7.116032  n
a_reg_reg[28]             DFFARX1_RVT     saed32rvt_tt1p05v25c
                                                          7.116032  n
a_reg_reg[29]             DFFARX1_RVT     saed32rvt_tt1p05v25c
                                                          7.116032  n
a_reg_reg[30]             DFFARX1_RVT     saed32rvt_tt1p05v25c
                                                          7.116032  n
a_reg_reg[31]             DFFARX1_RVT     saed32rvt_tt1p05v25c
                                                          7.116032  n
b_reg_reg[0]              DFFARX1_RVT     saed32rvt_tt1p05v25c
                                                          7.116032  n
b_reg_reg[1]              DFFARX1_RVT     saed32rvt_tt1p05v25c
                                                          7.116032  n
b_reg_reg[2]              DFFARX1_RVT     saed32rvt_tt1p05v25c
                                                          7.116032  n
b_reg_reg[3]              DFFARX1_RVT     saed32rvt_tt1p05v25c
                                                          7.116032  n
b_reg_reg[4]              DFFARX1_RVT     saed32rvt_tt1p05v25c
                                                          7.116032  n
b_reg_reg[5]              DFFARX1_RVT     saed32rvt_tt1p05v25c
                                                          7.116032  n
b_reg_reg[6]              DFFARX1_RVT     saed32rvt_tt1p05v25c
                                                          7.116032  n
b_reg_reg[7]              DFFARX1_RVT     saed32rvt_tt1p05v25c
                                                          7.116032  n
b_reg_reg[8]              DFFARX1_RVT     saed32rvt_tt1p05v25c
                                                          7.116032  n
b_reg_reg[9]              DFFARX1_RVT     saed32rvt_tt1p05v25c
                                                          7.116032  n
b_reg_reg[10]             DFFARX1_RVT     saed32rvt_tt1p05v25c
                                                          7.116032  n
b_reg_reg[11]             DFFARX1_RVT     saed32rvt_tt1p05v25c
                                                          7.116032  n
b_reg_reg[12]             DFFARX1_RVT     saed32rvt_tt1p05v25c
                                                          7.116032  n
b_reg_reg[13]             DFFARX1_RVT     saed32rvt_tt1p05v25c
                                                          7.116032  n
b_reg_reg[14]             DFFARX1_RVT     saed32rvt_tt1p05v25c
                                                          7.116032  n
b_reg_reg[15]             DFFARX1_RVT     saed32rvt_tt1p05v25c
                                                          7.116032  n
b_reg_reg[16]             DFFARX1_RVT     saed32rvt_tt1p05v25c
                                                          7.116032  n
b_reg_reg[17]             DFFARX1_RVT     saed32rvt_tt1p05v25c
                                                          7.116032  n
b_reg_reg[18]             DFFARX1_RVT     saed32rvt_tt1p05v25c
                                                          7.116032  n
b_reg_reg[19]             DFFARX1_RVT     saed32rvt_tt1p05v25c
                                                          7.116032  n
b_reg_reg[20]             DFFARX1_RVT     saed32rvt_tt1p05v25c
                                                          7.116032  n
b_reg_reg[21]             DFFARX1_RVT     saed32rvt_tt1p05v25c
                                                          7.116032  n
b_reg_reg[22]             DFFARX1_RVT     saed32rvt_tt1p05v25c
                                                          7.116032  n
b_reg_reg[23]             DFFARX1_RVT     saed32rvt_tt1p05v25c
                                                          7.116032  n
b_reg_reg[24]             DFFARX1_RVT     saed32rvt_tt1p05v25c
                                                          7.116032  n
b_reg_reg[25]             DFFARX1_RVT     saed32rvt_tt1p05v25c
                                                          7.116032  n
b_reg_reg[26]             DFFARX1_RVT     saed32rvt_tt1p05v25c
                                                          7.116032  n
b_reg_reg[27]             DFFARX1_RVT     saed32rvt_tt1p05v25c
                                                          7.116032  n
b_reg_reg[28]             DFFARX1_RVT     saed32rvt_tt1p05v25c
                                                          7.116032  n
b_reg_reg[29]             DFFARX1_RVT     saed32rvt_tt1p05v25c
                                                          7.116032  n
b_reg_reg[30]             DFFARX1_RVT     saed32rvt_tt1p05v25c
                                                          7.116032  n
b_reg_reg[31]             DFFARX1_RVT     saed32rvt_tt1p05v25c
                                                          7.116032  n
busy_reg                  DFFARX1_RVT     saed32rvt_tt1p05v25c
                                                          7.116032  n
count_reg[0]              DFFARX1_RVT     saed32rvt_tt1p05v25c
                                                          7.116032  n
count_reg[1]              DFFARX1_RVT     saed32rvt_tt1p05v25c
                                                          7.116032  n
count_reg[2]              DFFARX1_RVT     saed32rvt_tt1p05v25c
                                                          7.116032  n
mult_18                   multiplier_mc_DW02_mult_0       7735.126747
                                                                    BO, h
result_reg[0]             DFFARX1_RVT     saed32rvt_tt1p05v25c
                                                          7.116032  n
result_reg[1]             DFFARX1_RVT     saed32rvt_tt1p05v25c
                                                          7.116032  n
result_reg[2]             DFFARX1_RVT     saed32rvt_tt1p05v25c
                                                          7.116032  n
result_reg[3]             DFFARX1_RVT     saed32rvt_tt1p05v25c
                                                          7.116032  n
result_reg[4]             DFFARX1_RVT     saed32rvt_tt1p05v25c
                                                          7.116032  n
result_reg[5]             DFFARX1_RVT     saed32rvt_tt1p05v25c
                                                          7.116032  n
result_reg[6]             DFFARX1_RVT     saed32rvt_tt1p05v25c
                                                          7.116032  n
result_reg[7]             DFFARX1_RVT     saed32rvt_tt1p05v25c
                                                          7.116032  n
result_reg[8]             DFFARX1_RVT     saed32rvt_tt1p05v25c
                                                          7.116032  n
result_reg[9]             DFFARX1_RVT     saed32rvt_tt1p05v25c
                                                          7.116032  n
result_reg[10]            DFFARX1_RVT     saed32rvt_tt1p05v25c
                                                          7.116032  n
result_reg[11]            DFFARX1_RVT     saed32rvt_tt1p05v25c
                                                          7.116032  n
result_reg[12]            DFFARX1_RVT     saed32rvt_tt1p05v25c
                                                          7.116032  n
result_reg[13]            DFFARX1_RVT     saed32rvt_tt1p05v25c
                                                          7.116032  n
result_reg[14]            DFFARX1_RVT     saed32rvt_tt1p05v25c
                                                          7.116032  n
result_reg[15]            DFFARX1_RVT     saed32rvt_tt1p05v25c
                                                          7.116032  n
result_reg[16]            DFFARX1_RVT     saed32rvt_tt1p05v25c
                                                          7.116032  n
result_reg[17]            DFFARX1_RVT     saed32rvt_tt1p05v25c
                                                          7.116032  n
result_reg[18]            DFFARX1_RVT     saed32rvt_tt1p05v25c
                                                          7.116032  n
result_reg[19]            DFFARX1_RVT     saed32rvt_tt1p05v25c
                                                          7.116032  n
result_reg[20]            DFFARX1_RVT     saed32rvt_tt1p05v25c
                                                          7.116032  n
result_reg[21]            DFFARX1_RVT     saed32rvt_tt1p05v25c
                                                          7.116032  n
result_reg[22]            DFFARX1_RVT     saed32rvt_tt1p05v25c
                                                          7.116032  n
result_reg[23]            DFFARX1_RVT     saed32rvt_tt1p05v25c
                                                          7.116032  n
result_reg[24]            DFFARX1_RVT     saed32rvt_tt1p05v25c
                                                          7.116032  n
result_reg[25]            DFFARX1_RVT     saed32rvt_tt1p05v25c
                                                          7.116032  n
result_reg[26]            DFFARX1_RVT     saed32rvt_tt1p05v25c
                                                          7.116032  n
result_reg[27]            DFFARX1_RVT     saed32rvt_tt1p05v25c
                                                          7.116032  n
result_reg[28]            DFFARX1_RVT     saed32rvt_tt1p05v25c
                                                          7.116032  n
result_reg[29]            DFFARX1_RVT     saed32rvt_tt1p05v25c
                                                          7.116032  n
result_reg[30]            DFFARX1_RVT     saed32rvt_tt1p05v25c
                                                          7.116032  n
result_reg[31]            DFFARX1_RVT     saed32rvt_tt1p05v25c
                                                          7.116032  n
result_reg[32]            DFFARX1_RVT     saed32rvt_tt1p05v25c
                                                          7.116032  n
result_reg[33]            DFFARX1_RVT     saed32rvt_tt1p05v25c
                                                          7.116032  n
result_reg[34]            DFFARX1_RVT     saed32rvt_tt1p05v25c
                                                          7.116032  n
result_reg[35]            DFFARX1_RVT     saed32rvt_tt1p05v25c
                                                          7.116032  n
result_reg[36]            DFFARX1_RVT     saed32rvt_tt1p05v25c
                                                          7.116032  n
result_reg[37]            DFFARX1_RVT     saed32rvt_tt1p05v25c
                                                          7.116032  n
result_reg[38]            DFFARX1_RVT     saed32rvt_tt1p05v25c
                                                          7.116032  n
result_reg[39]            DFFARX1_RVT     saed32rvt_tt1p05v25c
                                                          7.116032  n
result_reg[40]            DFFARX1_RVT     saed32rvt_tt1p05v25c
                                                          7.116032  n
result_reg[41]            DFFARX1_RVT     saed32rvt_tt1p05v25c
                                                          7.116032  n
result_reg[42]            DFFARX1_RVT     saed32rvt_tt1p05v25c
                                                          7.116032  n
result_reg[43]            DFFARX1_RVT     saed32rvt_tt1p05v25c
                                                          7.116032  n
result_reg[44]            DFFARX1_RVT     saed32rvt_tt1p05v25c
                                                          7.116032  n
result_reg[45]            DFFARX1_RVT     saed32rvt_tt1p05v25c
                                                          7.116032  n
result_reg[46]            DFFARX1_RVT     saed32rvt_tt1p05v25c
                                                          7.116032  n
result_reg[47]            DFFARX1_RVT     saed32rvt_tt1p05v25c
                                                          7.116032  n
result_reg[48]            DFFARX1_RVT     saed32rvt_tt1p05v25c
                                                          7.116032  n
result_reg[49]            DFFARX1_RVT     saed32rvt_tt1p05v25c
                                                          7.116032  n
result_reg[50]            DFFARX1_RVT     saed32rvt_tt1p05v25c
                                                          7.116032  n
result_reg[51]            DFFARX1_RVT     saed32rvt_tt1p05v25c
                                                          7.116032  n
result_reg[52]            DFFARX1_RVT     saed32rvt_tt1p05v25c
                                                          7.116032  n
result_reg[53]            DFFARX1_RVT     saed32rvt_tt1p05v25c
                                                          7.116032  n
result_reg[54]            DFFARX1_RVT     saed32rvt_tt1p05v25c
                                                          7.116032  n
result_reg[55]            DFFARX1_RVT     saed32rvt_tt1p05v25c
                                                          7.116032  n
result_reg[56]            DFFARX1_RVT     saed32rvt_tt1p05v25c
                                                          7.116032  n
result_reg[57]            DFFARX1_RVT     saed32rvt_tt1p05v25c
                                                          7.116032  n
result_reg[58]            DFFARX1_RVT     saed32rvt_tt1p05v25c
                                                          7.116032  n
result_reg[59]            DFFARX1_RVT     saed32rvt_tt1p05v25c
                                                          7.116032  n
result_reg[60]            DFFARX1_RVT     saed32rvt_tt1p05v25c
                                                          7.116032  n
result_reg[61]            DFFARX1_RVT     saed32rvt_tt1p05v25c
                                                          7.116032  n
result_reg[62]            DFFARX1_RVT     saed32rvt_tt1p05v25c
                                                          7.116032  n
result_reg[63]            DFFARX1_RVT     saed32rvt_tt1p05v25c
                                                          7.116032  n
valid_reg                 DFFARX1_RVT     saed32rvt_tt1p05v25c
                                                          7.116032  n
--------------------------------------------------------------------------------
Total 307 cells                                           9096.322031
1
