 
****************************************
Report : timing
        -path full
        -delay max
        -max_paths 10
Design : multiplier_32
Version: S-2021.06-SP2
Date   : Sat Jul 11 16:46:27 2026
****************************************

Operating Conditions: tt1p05v25c   Library: saed32rvt_tt1p05v25c
Wire Load Model Mode: enclosed

  Startpoint: a_reg_reg[1]
              (rising edge-triggered flip-flop clocked by clk)
  Endpoint: result_reg[59]
            (rising edge-triggered flip-flop clocked by clk)
  Path Group: clk
  Path Type: max

  Des/Clust/Port     Wire Load Model       Library
  ------------------------------------------------
  multiplier_32      16000                 saed32rvt_tt1p05v25c
  multiplier_32_DW02_mult_0
                     16000                 saed32rvt_tt1p05v25c
  multiplier_32_DW01_add_1
                     8000                  saed32rvt_tt1p05v25c

  Point                                                   Incr       Path
  --------------------------------------------------------------------------
  clock clk (rise edge)                                   0.00       0.00
  clock network delay (ideal)                             0.00       0.00
  a_reg_reg[1]/CLK (DFFARX1_RVT)                          0.00       0.00 r
  a_reg_reg[1]/Q (DFFARX1_RVT)                            0.12       0.12 f
  mult_27/A[1] (multiplier_32_DW02_mult_0)                0.00       0.12 f
  mult_27/U330/Y (NBUFFX2_RVT)                            0.05       0.16 f
  mult_27/U334/Y (AND2X1_RVT)                             0.05       0.21 f
  mult_27/U315/Y (XOR2X2_RVT)                             0.09       0.30 r
  mult_27/S2_2_28/S (FADDX1_RVT)                          0.11       0.41 f
  mult_27/S2_3_27/S (FADDX1_RVT)                          0.11       0.53 r
  mult_27/S2_4_26/S (FADDX1_RVT)                          0.11       0.64 f
  mult_27/S2_5_25/S (FADDX1_RVT)                          0.11       0.75 r
  mult_27/S2_6_24/CO (FADDX1_RVT)                         0.09       0.84 r
  mult_27/S2_7_24/S (FADDX1_RVT)                          0.12       0.96 f
  mult_27/S2_8_23/S (FADDX1_RVT)                          0.11       1.08 r
  mult_27/S2_9_22/CO (FADDX1_RVT)                         0.09       1.16 r
  mult_27/S2_10_22/S (FADDX1_RVT)                         0.12       1.29 f
  mult_27/S2_11_21/S (FADDX1_RVT)                         0.11       1.40 r
  mult_27/S2_12_20/CO (FADDX1_RVT)                        0.09       1.49 r
  mult_27/S2_13_20/S (FADDX1_RVT)                         0.12       1.61 f
  mult_27/S2_14_19/S (FADDX1_RVT)                         0.11       1.73 r
  mult_27/S2_15_18/CO (FADDX1_RVT)                        0.09       1.81 r
  mult_27/S2_16_18/S (FADDX1_RVT)                         0.12       1.94 f
  mult_27/S2_17_17/S (FADDX1_RVT)                         0.11       2.05 r
  mult_27/S2_18_16/S (FADDX1_RVT)                         0.11       2.17 f
  mult_27/S2_19_15/S (FADDX1_RVT)                         0.11       2.28 r
  mult_27/S2_20_14/S (FADDX1_RVT)                         0.11       2.39 f
  mult_27/S2_21_13/S (FADDX1_RVT)                         0.11       2.51 r
  mult_27/S2_22_12/S (FADDX1_RVT)                         0.11       2.62 f
  mult_27/S2_23_11/S (FADDX1_RVT)                         0.11       2.73 r
  mult_27/S2_24_10/S (FADDX1_RVT)                         0.11       2.85 f
  mult_27/S2_25_9/S (FADDX1_RVT)                          0.11       2.96 r
  mult_27/S2_26_8/S (FADDX1_RVT)                          0.11       3.07 f
  mult_27/S2_27_7/S (FADDX1_RVT)                          0.11       3.19 r
  mult_27/S2_28_6/S (FADDX1_RVT)                          0.11       3.30 f
  mult_27/S2_29_5/S (FADDX1_RVT)                          0.11       3.41 r
  mult_27/S2_30_4/S (FADDX1_RVT)                          0.11       3.53 f
  mult_27/S4_3/S (FADDX1_RVT)                             0.12       3.64 r
  mult_27/U240/Y (XOR2X2_RVT)                             0.09       3.73 f
  mult_27/FS_1/A[32] (multiplier_32_DW01_add_1)           0.00       3.73 f
  mult_27/FS_1/U318/Y (NAND2X0_RVT)                       0.04       3.77 r
  mult_27/FS_1/U128/Y (AND2X1_RVT)                        0.04       3.81 r
  mult_27/FS_1/U173/Y (OA21X1_RVT)                        0.05       3.86 r
  mult_27/FS_1/U172/Y (NAND2X0_RVT)                       0.03       3.90 f
  mult_27/FS_1/U171/Y (NAND4X0_RVT)                       0.04       3.94 r
  mult_27/FS_1/U170/Y (NAND4X0_RVT)                       0.05       3.99 f
  mult_27/FS_1/U169/Y (NAND2X0_RVT)                       0.05       4.04 r
  mult_27/FS_1/U168/Y (NAND2X0_RVT)                       0.04       4.07 f
  mult_27/FS_1/U79/Y (XOR2X1_RVT)                         0.09       4.16 r
  mult_27/FS_1/SUM[57] (multiplier_32_DW01_add_1)         0.00       4.16 r
  mult_27/PRODUCT[59] (multiplier_32_DW02_mult_0)         0.00       4.16 r
  result_reg[59]/D (DFFARX1_RVT)                          0.01       4.17 r
  data arrival time                                                  4.17

  clock clk (rise edge)                                   1.00       1.00
  clock network delay (ideal)                             0.00       1.00
  result_reg[59]/CLK (DFFARX1_RVT)                        0.00       1.00 r
  library setup time                                     -0.03       0.97
  data required time                                                 0.97
  --------------------------------------------------------------------------
  data required time                                                 0.97
  data arrival time                                                 -4.17
  --------------------------------------------------------------------------
  slack (VIOLATED)                                                  -3.20


  Startpoint: a_reg_reg[1]
              (rising edge-triggered flip-flop clocked by clk)
  Endpoint: result_reg[51]
            (rising edge-triggered flip-flop clocked by clk)
  Path Group: clk
  Path Type: max

  Des/Clust/Port     Wire Load Model       Library
  ------------------------------------------------
  multiplier_32      16000                 saed32rvt_tt1p05v25c
  multiplier_32_DW02_mult_0
                     16000                 saed32rvt_tt1p05v25c
  multiplier_32_DW01_add_1
                     8000                  saed32rvt_tt1p05v25c

  Point                                                   Incr       Path
  --------------------------------------------------------------------------
  clock clk (rise edge)                                   0.00       0.00
  clock network delay (ideal)                             0.00       0.00
  a_reg_reg[1]/CLK (DFFARX1_RVT)                          0.00       0.00 r
  a_reg_reg[1]/Q (DFFARX1_RVT)                            0.12       0.12 f
  mult_27/A[1] (multiplier_32_DW02_mult_0)                0.00       0.12 f
  mult_27/U330/Y (NBUFFX2_RVT)                            0.05       0.16 f
  mult_27/U334/Y (AND2X1_RVT)                             0.05       0.21 f
  mult_27/U315/Y (XOR2X2_RVT)                             0.09       0.30 r
  mult_27/S2_2_28/S (FADDX1_RVT)                          0.11       0.41 f
  mult_27/S2_3_27/S (FADDX1_RVT)                          0.11       0.53 r
  mult_27/S2_4_26/S (FADDX1_RVT)                          0.11       0.64 f
  mult_27/S2_5_25/S (FADDX1_RVT)                          0.11       0.75 r
  mult_27/S2_6_24/CO (FADDX1_RVT)                         0.09       0.84 r
  mult_27/S2_7_24/S (FADDX1_RVT)                          0.12       0.96 f
  mult_27/S2_8_23/S (FADDX1_RVT)                          0.11       1.08 r
  mult_27/S2_9_22/CO (FADDX1_RVT)                         0.09       1.16 r
  mult_27/S2_10_22/S (FADDX1_RVT)                         0.12       1.29 f
  mult_27/S2_11_21/S (FADDX1_RVT)                         0.11       1.40 r
  mult_27/S2_12_20/CO (FADDX1_RVT)                        0.09       1.49 r
  mult_27/S2_13_20/S (FADDX1_RVT)                         0.12       1.61 f
  mult_27/S2_14_19/S (FADDX1_RVT)                         0.11       1.73 r
  mult_27/S2_15_18/CO (FADDX1_RVT)                        0.09       1.81 r
  mult_27/S2_16_18/S (FADDX1_RVT)                         0.12       1.94 f
  mult_27/S2_17_17/S (FADDX1_RVT)                         0.11       2.05 r
  mult_27/S2_18_16/S (FADDX1_RVT)                         0.11       2.17 f
  mult_27/S2_19_15/S (FADDX1_RVT)                         0.11       2.28 r
  mult_27/S2_20_14/S (FADDX1_RVT)                         0.11       2.39 f
  mult_27/S2_21_13/S (FADDX1_RVT)                         0.11       2.51 r
  mult_27/S2_22_12/S (FADDX1_RVT)                         0.11       2.62 f
  mult_27/S2_23_11/S (FADDX1_RVT)                         0.11       2.73 r
  mult_27/S2_24_10/S (FADDX1_RVT)                         0.11       2.85 f
  mult_27/S2_25_9/S (FADDX1_RVT)                          0.11       2.96 r
  mult_27/S2_26_8/S (FADDX1_RVT)                          0.11       3.07 f
  mult_27/S2_27_7/S (FADDX1_RVT)                          0.11       3.19 r
  mult_27/S2_28_6/S (FADDX1_RVT)                          0.11       3.30 f
  mult_27/S2_29_5/S (FADDX1_RVT)                          0.11       3.41 r
  mult_27/S2_30_4/S (FADDX1_RVT)                          0.11       3.53 f
  mult_27/S4_3/S (FADDX1_RVT)                             0.12       3.64 r
  mult_27/U240/Y (XOR2X2_RVT)                             0.09       3.73 f
  mult_27/FS_1/A[32] (multiplier_32_DW01_add_1)           0.00       3.73 f
  mult_27/FS_1/U318/Y (NAND2X0_RVT)                       0.04       3.77 r
  mult_27/FS_1/U128/Y (AND2X1_RVT)                        0.04       3.81 r
  mult_27/FS_1/U142/Y (OA21X1_RVT)                        0.06       3.87 r
  mult_27/FS_1/U214/Y (NAND2X0_RVT)                       0.03       3.90 f
  mult_27/FS_1/U62/Y (NAND3X0_RVT)                        0.04       3.94 r
  mult_27/FS_1/U213/Y (NAND3X0_RVT)                       0.05       3.99 f
  mult_27/FS_1/U212/Y (NAND2X0_RVT)                       0.04       4.03 r
  mult_27/FS_1/U211/Y (NAND2X0_RVT)                       0.04       4.07 f
  mult_27/FS_1/U77/Y (XOR2X1_RVT)                         0.08       4.16 r
  mult_27/FS_1/SUM[49] (multiplier_32_DW01_add_1)         0.00       4.16 r
  mult_27/PRODUCT[51] (multiplier_32_DW02_mult_0)         0.00       4.16 r
  result_reg[51]/D (DFFARX1_RVT)                          0.01       4.17 r
  data arrival time                                                  4.17

  clock clk (rise edge)                                   1.00       1.00
  clock network delay (ideal)                             0.00       1.00
  result_reg[51]/CLK (DFFARX1_RVT)                        0.00       1.00 r
  library setup time                                     -0.03       0.97
  data required time                                                 0.97
  --------------------------------------------------------------------------
  data required time                                                 0.97
  data arrival time                                                 -4.17
  --------------------------------------------------------------------------
  slack (VIOLATED)                                                  -3.20


  Startpoint: a_reg_reg[1]
              (rising edge-triggered flip-flop clocked by clk)
  Endpoint: result_reg[47]
            (rising edge-triggered flip-flop clocked by clk)
  Path Group: clk
  Path Type: max

  Des/Clust/Port     Wire Load Model       Library
  ------------------------------------------------
  multiplier_32      16000                 saed32rvt_tt1p05v25c
  multiplier_32_DW02_mult_0
                     16000                 saed32rvt_tt1p05v25c
  multiplier_32_DW01_add_1
                     8000                  saed32rvt_tt1p05v25c

  Point                                                   Incr       Path
  --------------------------------------------------------------------------
  clock clk (rise edge)                                   0.00       0.00
  clock network delay (ideal)                             0.00       0.00
  a_reg_reg[1]/CLK (DFFARX1_RVT)                          0.00       0.00 r
  a_reg_reg[1]/Q (DFFARX1_RVT)                            0.12       0.12 r
  mult_27/A[1] (multiplier_32_DW02_mult_0)                0.00       0.12 r
  mult_27/U330/Y (NBUFFX2_RVT)                            0.05       0.17 r
  mult_27/U334/Y (AND2X1_RVT)                             0.05       0.21 r
  mult_27/U315/Y (XOR2X2_RVT)                             0.09       0.30 f
  mult_27/S2_2_28/S (FADDX1_RVT)                          0.11       0.42 r
  mult_27/S2_3_27/S (FADDX1_RVT)                          0.11       0.53 f
  mult_27/S2_4_26/S (FADDX1_RVT)                          0.11       0.64 r
  mult_27/S2_5_25/S (FADDX1_RVT)                          0.11       0.76 f
  mult_27/S2_6_24/S (FADDX1_RVT)                          0.11       0.87 r
  mult_27/S2_7_23/S (FADDX1_RVT)                          0.11       0.98 f
  mult_27/S2_8_22/S (FADDX1_RVT)                          0.11       1.10 r
  mult_27/S2_9_21/CO (FADDX1_RVT)                         0.09       1.18 r
  mult_27/S2_10_21/S (FADDX1_RVT)                         0.12       1.31 f
  mult_27/S2_11_20/S (FADDX1_RVT)                         0.11       1.42 r
  mult_27/S2_12_19/CO (FADDX1_RVT)                        0.09       1.51 r
  mult_27/S2_13_19/S (FADDX1_RVT)                         0.12       1.63 f
  mult_27/S2_14_18/S (FADDX1_RVT)                         0.11       1.75 r
  mult_27/S2_15_17/CO (FADDX1_RVT)                        0.09       1.83 r
  mult_27/S2_16_17/S (FADDX1_RVT)                         0.12       1.96 f
  mult_27/S2_17_16/S (FADDX1_RVT)                         0.11       2.07 r
  mult_27/S2_18_15/S (FADDX1_RVT)                         0.11       2.18 f
  mult_27/S2_19_14/S (FADDX1_RVT)                         0.11       2.30 r
  mult_27/S2_20_13/S (FADDX1_RVT)                         0.11       2.41 f
  mult_27/S2_21_12/S (FADDX1_RVT)                         0.11       2.52 r
  mult_27/S2_22_11/S (FADDX1_RVT)                         0.11       2.64 f
  mult_27/S2_23_10/S (FADDX1_RVT)                         0.11       2.75 r
  mult_27/S2_24_9/S (FADDX1_RVT)                          0.11       2.86 f
  mult_27/S2_25_8/S (FADDX1_RVT)                          0.11       2.98 r
  mult_27/S2_26_7/S (FADDX1_RVT)                          0.11       3.09 f
  mult_27/S2_27_6/S (FADDX1_RVT)                          0.11       3.20 r
  mult_27/S2_28_5/CO (FADDX1_RVT)                         0.09       3.29 r
  mult_27/S2_29_5/S (FADDX1_RVT)                          0.12       3.42 f
  mult_27/S2_30_4/S (FADDX1_RVT)                          0.11       3.53 r
  mult_27/S4_3/CO (FADDX1_RVT)                            0.09       3.62 r
  mult_27/U242/Y (XOR2X2_RVT)                             0.09       3.71 f
  mult_27/FS_1/A[33] (multiplier_32_DW01_add_1)           0.00       3.71 f
  mult_27/FS_1/U306/Y (OR2X1_RVT)                         0.05       3.76 f
  mult_27/FS_1/U28/Y (AND3X1_RVT)                         0.06       3.82 f
  mult_27/FS_1/U107/Y (AND2X1_RVT)                        0.06       3.87 f
  mult_27/FS_1/U132/Y (AND2X1_RVT)                        0.05       3.93 f
  mult_27/FS_1/U243/Y (NAND2X0_RVT)                       0.04       3.96 r
  mult_27/FS_1/U242/Y (NAND4X0_RVT)                       0.05       4.01 f
  mult_27/FS_1/U241/Y (AO21X1_RVT)                        0.06       4.07 f
  mult_27/FS_1/U52/Y (XOR2X1_RVT)                         0.08       4.15 r
  mult_27/FS_1/SUM[45] (multiplier_32_DW01_add_1)         0.00       4.15 r
  mult_27/PRODUCT[47] (multiplier_32_DW02_mult_0)         0.00       4.15 r
  result_reg[47]/D (DFFARX1_RVT)                          0.01       4.16 r
  data arrival time                                                  4.16

  clock clk (rise edge)                                   1.00       1.00
  clock network delay (ideal)                             0.00       1.00
  result_reg[47]/CLK (DFFARX1_RVT)                        0.00       1.00 r
  library setup time                                     -0.03       0.97
  data required time                                                 0.97
  --------------------------------------------------------------------------
  data required time                                                 0.97
  data arrival time                                                 -4.16
  --------------------------------------------------------------------------
  slack (VIOLATED)                                                  -3.20


  Startpoint: a_reg_reg[1]
              (rising edge-triggered flip-flop clocked by clk)
  Endpoint: result_reg[48]
            (rising edge-triggered flip-flop clocked by clk)
  Path Group: clk
  Path Type: max

  Des/Clust/Port     Wire Load Model       Library
  ------------------------------------------------
  multiplier_32      16000                 saed32rvt_tt1p05v25c
  multiplier_32_DW02_mult_0
                     16000                 saed32rvt_tt1p05v25c
  multiplier_32_DW01_add_1
                     8000                  saed32rvt_tt1p05v25c

  Point                                                   Incr       Path
  --------------------------------------------------------------------------
  clock clk (rise edge)                                   0.00       0.00
  clock network delay (ideal)                             0.00       0.00
  a_reg_reg[1]/CLK (DFFARX1_RVT)                          0.00       0.00 r
  a_reg_reg[1]/Q (DFFARX1_RVT)                            0.12       0.12 r
  mult_27/A[1] (multiplier_32_DW02_mult_0)                0.00       0.12 r
  mult_27/U330/Y (NBUFFX2_RVT)                            0.05       0.17 r
  mult_27/U334/Y (AND2X1_RVT)                             0.05       0.21 r
  mult_27/U315/Y (XOR2X2_RVT)                             0.09       0.30 f
  mult_27/S2_2_28/S (FADDX1_RVT)                          0.11       0.42 r
  mult_27/S2_3_27/S (FADDX1_RVT)                          0.11       0.53 f
  mult_27/S2_4_26/S (FADDX1_RVT)                          0.11       0.64 r
  mult_27/S2_5_25/S (FADDX1_RVT)                          0.11       0.76 f
  mult_27/S2_6_24/S (FADDX1_RVT)                          0.11       0.87 r
  mult_27/S2_7_23/S (FADDX1_RVT)                          0.11       0.98 f
  mult_27/S2_8_22/S (FADDX1_RVT)                          0.11       1.10 r
  mult_27/S2_9_21/CO (FADDX1_RVT)                         0.09       1.18 r
  mult_27/S2_10_21/S (FADDX1_RVT)                         0.12       1.31 f
  mult_27/S2_11_20/S (FADDX1_RVT)                         0.11       1.42 r
  mult_27/S2_12_19/CO (FADDX1_RVT)                        0.09       1.51 r
  mult_27/S2_13_19/S (FADDX1_RVT)                         0.12       1.63 f
  mult_27/S2_14_18/S (FADDX1_RVT)                         0.11       1.75 r
  mult_27/S2_15_17/CO (FADDX1_RVT)                        0.09       1.83 r
  mult_27/S2_16_17/S (FADDX1_RVT)                         0.12       1.96 f
  mult_27/S2_17_16/S (FADDX1_RVT)                         0.11       2.07 r
  mult_27/S2_18_15/S (FADDX1_RVT)                         0.11       2.18 f
  mult_27/S2_19_14/S (FADDX1_RVT)                         0.11       2.30 r
  mult_27/S2_20_13/S (FADDX1_RVT)                         0.11       2.41 f
  mult_27/S2_21_12/S (FADDX1_RVT)                         0.11       2.52 r
  mult_27/S2_22_11/CO (FADDX1_RVT)                        0.09       2.61 r
  mult_27/S2_23_11/S (FADDX1_RVT)                         0.12       2.74 f
  mult_27/S2_24_10/S (FADDX1_RVT)                         0.11       2.85 r
  mult_27/S2_25_9/CO (FADDX1_RVT)                         0.09       2.94 r
  mult_27/S2_26_9/S (FADDX1_RVT)                          0.12       3.06 f
  mult_27/S2_27_8/S (FADDX1_RVT)                          0.11       3.17 r
  mult_27/S2_28_7/CO (FADDX1_RVT)                         0.09       3.26 r
  mult_27/S2_29_7/S (FADDX1_RVT)                          0.12       3.38 f
  mult_27/S2_30_6/S (FADDX1_RVT)                          0.11       3.50 r
  mult_27/S4_5/S (FADDX1_RVT)                             0.12       3.61 f
  mult_27/U11/Y (XOR2X2_RVT)                              0.09       3.70 r
  mult_27/FS_1/A[34] (multiplier_32_DW01_add_1)           0.00       3.70 r
  mult_27/FS_1/U91/Y (OR2X2_RVT)                          0.05       3.76 r
  mult_27/FS_1/U28/Y (AND3X1_RVT)                         0.06       3.82 r
  mult_27/FS_1/U304/Y (NAND2X0_RVT)                       0.04       3.86 f
  mult_27/FS_1/U276/Y (NAND2X0_RVT)                       0.04       3.91 r
  mult_27/FS_1/U253/Y (NAND2X0_RVT)                       0.05       3.96 f
  mult_27/FS_1/U237/Y (NAND3X0_RVT)                       0.05       4.01 r
  mult_27/FS_1/U234/Y (AO21X1_RVT)                        0.06       4.07 r
  mult_27/FS_1/U100/Y (XNOR2X1_RVT)                       0.09       4.15 r
  mult_27/FS_1/SUM[46] (multiplier_32_DW01_add_1)         0.00       4.15 r
  mult_27/PRODUCT[48] (multiplier_32_DW02_mult_0)         0.00       4.15 r
  result_reg[48]/D (DFFARX1_RVT)                          0.01       4.16 r
  data arrival time                                                  4.16

  clock clk (rise edge)                                   1.00       1.00
  clock network delay (ideal)                             0.00       1.00
  result_reg[48]/CLK (DFFARX1_RVT)                        0.00       1.00 r
  library setup time                                     -0.03       0.97
  data required time                                                 0.97
  --------------------------------------------------------------------------
  data required time                                                 0.97
  data arrival time                                                 -4.16
  --------------------------------------------------------------------------
  slack (VIOLATED)                                                  -3.20


  Startpoint: a_reg_reg[1]
              (rising edge-triggered flip-flop clocked by clk)
  Endpoint: result_reg[60]
            (rising edge-triggered flip-flop clocked by clk)
  Path Group: clk
  Path Type: max

  Des/Clust/Port     Wire Load Model       Library
  ------------------------------------------------
  multiplier_32      16000                 saed32rvt_tt1p05v25c
  multiplier_32_DW02_mult_0
                     16000                 saed32rvt_tt1p05v25c
  multiplier_32_DW01_add_1
                     8000                  saed32rvt_tt1p05v25c

  Point                                                   Incr       Path
  --------------------------------------------------------------------------
  clock clk (rise edge)                                   0.00       0.00
  clock network delay (ideal)                             0.00       0.00
  a_reg_reg[1]/CLK (DFFARX1_RVT)                          0.00       0.00 r
  a_reg_reg[1]/Q (DFFARX1_RVT)                            0.12       0.12 r
  mult_27/A[1] (multiplier_32_DW02_mult_0)                0.00       0.12 r
  mult_27/U330/Y (NBUFFX2_RVT)                            0.05       0.17 r
  mult_27/U334/Y (AND2X1_RVT)                             0.05       0.21 r
  mult_27/U315/Y (XOR2X2_RVT)                             0.09       0.30 f
  mult_27/S2_2_28/S (FADDX1_RVT)                          0.11       0.42 r
  mult_27/S2_3_27/S (FADDX1_RVT)                          0.11       0.53 f
  mult_27/S2_4_26/S (FADDX1_RVT)                          0.11       0.64 r
  mult_27/S2_5_25/CO (FADDX1_RVT)                         0.09       0.73 r
  mult_27/S2_6_25/S (FADDX1_RVT)                          0.12       0.85 f
  mult_27/S2_7_24/S (FADDX1_RVT)                          0.11       0.97 r
  mult_27/S2_8_23/CO (FADDX1_RVT)                         0.09       1.05 r
  mult_27/S2_9_23/S (FADDX1_RVT)                          0.12       1.18 f
  mult_27/S2_10_22/S (FADDX1_RVT)                         0.11       1.29 r
  mult_27/S2_11_21/CO (FADDX1_RVT)                        0.09       1.38 r
  mult_27/S2_12_21/S (FADDX1_RVT)                         0.12       1.50 f
  mult_27/S2_13_20/S (FADDX1_RVT)                         0.11       1.62 r
  mult_27/S2_14_19/S (FADDX1_RVT)                         0.11       1.73 f
  mult_27/S2_15_18/S (FADDX1_RVT)                         0.11       1.84 r
  mult_27/S2_16_17/CO (FADDX1_RVT)                        0.09       1.93 r
  mult_27/S2_17_17/S (FADDX1_RVT)                         0.12       2.05 f
  mult_27/S2_18_16/S (FADDX1_RVT)                         0.11       2.17 r
  mult_27/S2_19_15/CO (FADDX1_RVT)                        0.09       2.25 r
  mult_27/S2_20_15/S (FADDX1_RVT)                         0.12       2.38 f
  mult_27/S2_21_14/S (FADDX1_RVT)                         0.11       2.49 r
  mult_27/S2_22_13/CO (FADDX1_RVT)                        0.09       2.58 r
  mult_27/S2_23_13/S (FADDX1_RVT)                         0.12       2.70 f
  mult_27/S2_24_12/S (FADDX1_RVT)                         0.11       2.82 r
  mult_27/S2_25_11/CO (FADDX1_RVT)                        0.09       2.90 r
  mult_27/S2_26_11/S (FADDX1_RVT)                         0.12       3.03 f
  mult_27/S2_27_10/S (FADDX1_RVT)                         0.11       3.14 r
  mult_27/S2_28_9/CO (FADDX1_RVT)                         0.09       3.23 r
  mult_27/S2_29_9/S (FADDX1_RVT)                          0.12       3.35 f
  mult_27/S2_30_8/S (FADDX1_RVT)                          0.11       3.47 r
  mult_27/S4_7/S (FADDX1_RVT)                             0.12       3.58 f
  mult_27/U247/Y (XOR2X2_RVT)                             0.09       3.67 r
  mult_27/FS_1/A[36] (multiplier_32_DW01_add_1)           0.00       3.67 r
  mult_27/FS_1/U280/Y (AND2X1_RVT)                        0.04       3.71 r
  mult_27/FS_1/U279/Y (NAND3X0_RVT)                       0.05       3.76 f
  mult_27/FS_1/U278/Y (NAND3X0_RVT)                       0.05       3.81 r
  mult_27/FS_1/U71/Y (AND2X1_RVT)                         0.05       3.85 r
  mult_27/FS_1/U53/Y (OR2X2_RVT)                          0.05       3.90 r
  mult_27/FS_1/U171/Y (NAND4X0_RVT)                       0.06       3.96 f
  mult_27/FS_1/U39/Y (AND3X2_RVT)                         0.08       4.03 f
  mult_27/FS_1/U161/Y (OA21X1_RVT)                        0.05       4.09 f
  mult_27/FS_1/U55/Y (XOR3X2_RVT)                         0.06       4.15 r
  mult_27/FS_1/SUM[58] (multiplier_32_DW01_add_1)         0.00       4.15 r
  mult_27/PRODUCT[60] (multiplier_32_DW02_mult_0)         0.00       4.15 r
  result_reg[60]/D (DFFARX1_RVT)                          0.01       4.16 r
  data arrival time                                                  4.16

  clock clk (rise edge)                                   1.00       1.00
  clock network delay (ideal)                             0.00       1.00
  result_reg[60]/CLK (DFFARX1_RVT)                        0.00       1.00 r
  library setup time                                     -0.03       0.97
  data required time                                                 0.97
  --------------------------------------------------------------------------
  data required time                                                 0.97
  data arrival time                                                 -4.16
  --------------------------------------------------------------------------
  slack (VIOLATED)                                                  -3.19


  Startpoint: a_reg_reg[1]
              (rising edge-triggered flip-flop clocked by clk)
  Endpoint: result_reg[45]
            (rising edge-triggered flip-flop clocked by clk)
  Path Group: clk
  Path Type: max

  Des/Clust/Port     Wire Load Model       Library
  ------------------------------------------------
  multiplier_32      16000                 saed32rvt_tt1p05v25c
  multiplier_32_DW02_mult_0
                     16000                 saed32rvt_tt1p05v25c
  multiplier_32_DW01_add_1
                     8000                  saed32rvt_tt1p05v25c

  Point                                                   Incr       Path
  --------------------------------------------------------------------------
  clock clk (rise edge)                                   0.00       0.00
  clock network delay (ideal)                             0.00       0.00
  a_reg_reg[1]/CLK (DFFARX1_RVT)                          0.00       0.00 r
  a_reg_reg[1]/Q (DFFARX1_RVT)                            0.12       0.12 r
  mult_27/A[1] (multiplier_32_DW02_mult_0)                0.00       0.12 r
  mult_27/U330/Y (NBUFFX2_RVT)                            0.05       0.17 r
  mult_27/U334/Y (AND2X1_RVT)                             0.05       0.21 r
  mult_27/U315/Y (XOR2X2_RVT)                             0.09       0.30 f
  mult_27/S2_2_28/S (FADDX1_RVT)                          0.11       0.42 r
  mult_27/S2_3_27/S (FADDX1_RVT)                          0.11       0.53 f
  mult_27/S2_4_26/S (FADDX1_RVT)                          0.11       0.64 r
  mult_27/S2_5_25/S (FADDX1_RVT)                          0.11       0.76 f
  mult_27/S2_6_24/S (FADDX1_RVT)                          0.11       0.87 r
  mult_27/S2_7_23/S (FADDX1_RVT)                          0.11       0.98 f
  mult_27/S2_8_22/S (FADDX1_RVT)                          0.11       1.10 r
  mult_27/S2_9_21/CO (FADDX1_RVT)                         0.09       1.18 r
  mult_27/S2_10_21/S (FADDX1_RVT)                         0.12       1.31 f
  mult_27/S2_11_20/S (FADDX1_RVT)                         0.11       1.42 r
  mult_27/S2_12_19/CO (FADDX1_RVT)                        0.09       1.51 r
  mult_27/S2_13_19/S (FADDX1_RVT)                         0.12       1.63 f
  mult_27/S2_14_18/S (FADDX1_RVT)                         0.11       1.75 r
  mult_27/S2_15_17/CO (FADDX1_RVT)                        0.09       1.83 r
  mult_27/S2_16_17/S (FADDX1_RVT)                         0.12       1.96 f
  mult_27/S2_17_16/S (FADDX1_RVT)                         0.11       2.07 r
  mult_27/S2_18_15/S (FADDX1_RVT)                         0.11       2.18 f
  mult_27/S2_19_14/S (FADDX1_RVT)                         0.11       2.30 r
  mult_27/S2_20_13/S (FADDX1_RVT)                         0.11       2.41 f
  mult_27/S2_21_12/S (FADDX1_RVT)                         0.11       2.52 r
  mult_27/S2_22_11/S (FADDX1_RVT)                         0.11       2.64 f
  mult_27/S2_23_10/S (FADDX1_RVT)                         0.11       2.75 r
  mult_27/S2_24_9/S (FADDX1_RVT)                          0.11       2.86 f
  mult_27/S2_25_8/S (FADDX1_RVT)                          0.11       2.98 r
  mult_27/S2_26_7/S (FADDX1_RVT)                          0.11       3.09 f
  mult_27/S2_27_6/S (FADDX1_RVT)                          0.11       3.20 r
  mult_27/S2_28_5/CO (FADDX1_RVT)                         0.09       3.29 r
  mult_27/S2_29_5/S (FADDX1_RVT)                          0.12       3.42 f
  mult_27/S2_30_4/S (FADDX1_RVT)                          0.11       3.53 r
  mult_27/S4_3/CO (FADDX1_RVT)                            0.09       3.62 r
  mult_27/U242/Y (XOR2X2_RVT)                             0.09       3.71 f
  mult_27/FS_1/A[33] (multiplier_32_DW01_add_1)           0.00       3.71 f
  mult_27/FS_1/U306/Y (OR2X1_RVT)                         0.05       3.76 f
  mult_27/FS_1/U28/Y (AND3X1_RVT)                         0.06       3.82 f
  mult_27/FS_1/U107/Y (AND2X1_RVT)                        0.06       3.87 f
  mult_27/FS_1/U132/Y (AND2X1_RVT)                        0.05       3.93 f
  mult_27/FS_1/U261/Y (NAND2X0_RVT)                       0.04       3.97 r
  mult_27/FS_1/U260/Y (NAND3X0_RVT)                       0.04       4.00 f
  mult_27/FS_1/U256/Y (AO21X1_RVT)                        0.06       4.06 f
  mult_27/FS_1/U106/Y (XNOR2X1_RVT)                       0.09       4.15 r
  mult_27/FS_1/SUM[43] (multiplier_32_DW01_add_1)         0.00       4.15 r
  mult_27/PRODUCT[45] (multiplier_32_DW02_mult_0)         0.00       4.15 r
  result_reg[45]/D (DFFARX1_RVT)                          0.01       4.16 r
  data arrival time                                                  4.16

  clock clk (rise edge)                                   1.00       1.00
  clock network delay (ideal)                             0.00       1.00
  result_reg[45]/CLK (DFFARX1_RVT)                        0.00       1.00 r
  library setup time                                     -0.03       0.97
  data required time                                                 0.97
  --------------------------------------------------------------------------
  data required time                                                 0.97
  data arrival time                                                 -4.16
  --------------------------------------------------------------------------
  slack (VIOLATED)                                                  -3.19


  Startpoint: a_reg_reg[1]
              (rising edge-triggered flip-flop clocked by clk)
  Endpoint: result_reg[43]
            (rising edge-triggered flip-flop clocked by clk)
  Path Group: clk
  Path Type: max

  Des/Clust/Port     Wire Load Model       Library
  ------------------------------------------------
  multiplier_32      16000                 saed32rvt_tt1p05v25c
  multiplier_32_DW02_mult_0
                     16000                 saed32rvt_tt1p05v25c
  multiplier_32_DW01_add_1
                     8000                  saed32rvt_tt1p05v25c

  Point                                                   Incr       Path
  --------------------------------------------------------------------------
  clock clk (rise edge)                                   0.00       0.00
  clock network delay (ideal)                             0.00       0.00
  a_reg_reg[1]/CLK (DFFARX1_RVT)                          0.00       0.00 r
  a_reg_reg[1]/Q (DFFARX1_RVT)                            0.12       0.12 r
  mult_27/A[1] (multiplier_32_DW02_mult_0)                0.00       0.12 r
  mult_27/U330/Y (NBUFFX2_RVT)                            0.05       0.17 r
  mult_27/U334/Y (AND2X1_RVT)                             0.05       0.21 r
  mult_27/U315/Y (XOR2X2_RVT)                             0.09       0.30 f
  mult_27/S2_2_28/S (FADDX1_RVT)                          0.11       0.42 r
  mult_27/S2_3_27/S (FADDX1_RVT)                          0.11       0.53 f
  mult_27/S2_4_26/S (FADDX1_RVT)                          0.11       0.64 r
  mult_27/S2_5_25/S (FADDX1_RVT)                          0.11       0.76 f
  mult_27/S2_6_24/S (FADDX1_RVT)                          0.11       0.87 r
  mult_27/S2_7_23/S (FADDX1_RVT)                          0.11       0.98 f
  mult_27/S2_8_22/S (FADDX1_RVT)                          0.11       1.10 r
  mult_27/S2_9_21/CO (FADDX1_RVT)                         0.09       1.18 r
  mult_27/S2_10_21/S (FADDX1_RVT)                         0.12       1.31 f
  mult_27/S2_11_20/S (FADDX1_RVT)                         0.11       1.42 r
  mult_27/S2_12_19/CO (FADDX1_RVT)                        0.09       1.51 r
  mult_27/S2_13_19/S (FADDX1_RVT)                         0.12       1.63 f
  mult_27/S2_14_18/S (FADDX1_RVT)                         0.11       1.75 r
  mult_27/S2_15_17/CO (FADDX1_RVT)                        0.09       1.83 r
  mult_27/S2_16_17/S (FADDX1_RVT)                         0.12       1.96 f
  mult_27/S2_17_16/S (FADDX1_RVT)                         0.11       2.07 r
  mult_27/S2_18_15/S (FADDX1_RVT)                         0.11       2.18 f
  mult_27/S2_19_14/S (FADDX1_RVT)                         0.11       2.30 r
  mult_27/S2_20_13/S (FADDX1_RVT)                         0.11       2.41 f
  mult_27/S2_21_12/S (FADDX1_RVT)                         0.11       2.52 r
  mult_27/S2_22_11/CO (FADDX1_RVT)                        0.09       2.61 r
  mult_27/S2_23_11/S (FADDX1_RVT)                         0.12       2.74 f
  mult_27/S2_24_10/S (FADDX1_RVT)                         0.11       2.85 r
  mult_27/S2_25_9/CO (FADDX1_RVT)                         0.09       2.94 r
  mult_27/S2_26_9/S (FADDX1_RVT)                          0.12       3.06 f
  mult_27/S2_27_8/S (FADDX1_RVT)                          0.11       3.17 r
  mult_27/S2_28_7/CO (FADDX1_RVT)                         0.09       3.26 r
  mult_27/S2_29_7/S (FADDX1_RVT)                          0.12       3.38 f
  mult_27/S2_30_6/S (FADDX1_RVT)                          0.11       3.50 r
  mult_27/S4_5/S (FADDX1_RVT)                             0.12       3.61 f
  mult_27/U11/Y (XOR2X2_RVT)                              0.09       3.70 r
  mult_27/FS_1/A[34] (multiplier_32_DW01_add_1)           0.00       3.70 r
  mult_27/FS_1/U91/Y (OR2X2_RVT)                          0.05       3.76 r
  mult_27/FS_1/U28/Y (AND3X1_RVT)                         0.06       3.82 r
  mult_27/FS_1/U304/Y (NAND2X0_RVT)                       0.04       3.86 f
  mult_27/FS_1/U276/Y (NAND2X0_RVT)                       0.04       3.91 r
  mult_27/FS_1/U275/Y (NAND2X0_RVT)                       0.04       3.95 f
  mult_27/FS_1/U274/Y (AND3X1_RVT)                        0.06       4.01 f
  mult_27/FS_1/U272/Y (OA21X1_RVT)                        0.05       4.07 f
  mult_27/FS_1/U103/Y (XOR2X1_RVT)                        0.08       4.15 r
  mult_27/FS_1/SUM[41] (multiplier_32_DW01_add_1)         0.00       4.15 r
  mult_27/PRODUCT[43] (multiplier_32_DW02_mult_0)         0.00       4.15 r
  result_reg[43]/D (DFFARX1_RVT)                          0.01       4.16 r
  data arrival time                                                  4.16

  clock clk (rise edge)                                   1.00       1.00
  clock network delay (ideal)                             0.00       1.00
  result_reg[43]/CLK (DFFARX1_RVT)                        0.00       1.00 r
  library setup time                                     -0.03       0.97
  data required time                                                 0.97
  --------------------------------------------------------------------------
  data required time                                                 0.97
  data arrival time                                                 -4.16
  --------------------------------------------------------------------------
  slack (VIOLATED)                                                  -3.19


  Startpoint: a_reg_reg[1]
              (rising edge-triggered flip-flop clocked by clk)
  Endpoint: result_reg[49]
            (rising edge-triggered flip-flop clocked by clk)
  Path Group: clk
  Path Type: max

  Des/Clust/Port     Wire Load Model       Library
  ------------------------------------------------
  multiplier_32      16000                 saed32rvt_tt1p05v25c
  multiplier_32_DW02_mult_0
                     16000                 saed32rvt_tt1p05v25c
  multiplier_32_DW01_add_1
                     8000                  saed32rvt_tt1p05v25c

  Point                                                   Incr       Path
  --------------------------------------------------------------------------
  clock clk (rise edge)                                   0.00       0.00
  clock network delay (ideal)                             0.00       0.00
  a_reg_reg[1]/CLK (DFFARX1_RVT)                          0.00       0.00 r
  a_reg_reg[1]/Q (DFFARX1_RVT)                            0.12       0.12 r
  mult_27/A[1] (multiplier_32_DW02_mult_0)                0.00       0.12 r
  mult_27/U330/Y (NBUFFX2_RVT)                            0.05       0.17 r
  mult_27/U334/Y (AND2X1_RVT)                             0.05       0.21 r
  mult_27/U315/Y (XOR2X2_RVT)                             0.09       0.30 f
  mult_27/S2_2_28/S (FADDX1_RVT)                          0.11       0.42 r
  mult_27/S2_3_27/S (FADDX1_RVT)                          0.11       0.53 f
  mult_27/S2_4_26/S (FADDX1_RVT)                          0.11       0.64 r
  mult_27/S2_5_25/S (FADDX1_RVT)                          0.11       0.76 f
  mult_27/S2_6_24/S (FADDX1_RVT)                          0.11       0.87 r
  mult_27/S2_7_23/S (FADDX1_RVT)                          0.11       0.98 f
  mult_27/S2_8_22/S (FADDX1_RVT)                          0.11       1.10 r
  mult_27/S2_9_21/CO (FADDX1_RVT)                         0.09       1.18 r
  mult_27/S2_10_21/S (FADDX1_RVT)                         0.12       1.31 f
  mult_27/S2_11_20/S (FADDX1_RVT)                         0.11       1.42 r
  mult_27/S2_12_19/CO (FADDX1_RVT)                        0.09       1.51 r
  mult_27/S2_13_19/S (FADDX1_RVT)                         0.12       1.63 f
  mult_27/S2_14_18/S (FADDX1_RVT)                         0.11       1.75 r
  mult_27/S2_15_17/CO (FADDX1_RVT)                        0.09       1.83 r
  mult_27/S2_16_17/S (FADDX1_RVT)                         0.12       1.96 f
  mult_27/S2_17_16/S (FADDX1_RVT)                         0.11       2.07 r
  mult_27/S2_18_15/S (FADDX1_RVT)                         0.11       2.18 f
  mult_27/S2_19_14/S (FADDX1_RVT)                         0.11       2.30 r
  mult_27/S2_20_13/S (FADDX1_RVT)                         0.11       2.41 f
  mult_27/S2_21_12/S (FADDX1_RVT)                         0.11       2.52 r
  mult_27/S2_22_11/S (FADDX1_RVT)                         0.11       2.64 f
  mult_27/S2_23_10/S (FADDX1_RVT)                         0.11       2.75 r
  mult_27/S2_24_9/S (FADDX1_RVT)                          0.11       2.86 f
  mult_27/S2_25_8/S (FADDX1_RVT)                          0.11       2.98 r
  mult_27/S2_26_7/S (FADDX1_RVT)                          0.11       3.09 f
  mult_27/S2_27_6/S (FADDX1_RVT)                          0.11       3.20 r
  mult_27/S2_28_5/CO (FADDX1_RVT)                         0.09       3.29 r
  mult_27/S2_29_5/S (FADDX1_RVT)                          0.12       3.42 f
  mult_27/S2_30_4/S (FADDX1_RVT)                          0.11       3.53 r
  mult_27/S4_3/CO (FADDX1_RVT)                            0.09       3.62 r
  mult_27/U242/Y (XOR2X2_RVT)                             0.09       3.71 f
  mult_27/FS_1/A[33] (multiplier_32_DW01_add_1)           0.00       3.71 f
  mult_27/FS_1/U306/Y (OR2X1_RVT)                         0.05       3.76 f
  mult_27/FS_1/U28/Y (AND3X1_RVT)                         0.06       3.82 f
  mult_27/FS_1/U107/Y (AND2X1_RVT)                        0.06       3.87 f
  mult_27/FS_1/U132/Y (AND2X1_RVT)                        0.05       3.93 f
  mult_27/FS_1/U229/Y (NAND2X0_RVT)                       0.04       3.96 r
  mult_27/FS_1/U228/Y (NAND3X0_RVT)                       0.04       4.00 f
  mult_27/FS_1/U223/Y (AO21X1_RVT)                        0.06       4.07 f
  mult_27/FS_1/U42/Y (XOR2X1_RVT)                         0.08       4.15 r
  mult_27/FS_1/SUM[47] (multiplier_32_DW01_add_1)         0.00       4.15 r
  mult_27/PRODUCT[49] (multiplier_32_DW02_mult_0)         0.00       4.15 r
  result_reg[49]/D (DFFARX1_RVT)                          0.01       4.16 r
  data arrival time                                                  4.16

  clock clk (rise edge)                                   1.00       1.00
  clock network delay (ideal)                             0.00       1.00
  result_reg[49]/CLK (DFFARX1_RVT)                        0.00       1.00 r
  library setup time                                     -0.03       0.97
  data required time                                                 0.97
  --------------------------------------------------------------------------
  data required time                                                 0.97
  data arrival time                                                 -4.16
  --------------------------------------------------------------------------
  slack (VIOLATED)                                                  -3.19


  Startpoint: a_reg_reg[1]
              (rising edge-triggered flip-flop clocked by clk)
  Endpoint: result_reg[44]
            (rising edge-triggered flip-flop clocked by clk)
  Path Group: clk
  Path Type: max

  Des/Clust/Port     Wire Load Model       Library
  ------------------------------------------------
  multiplier_32      16000                 saed32rvt_tt1p05v25c
  multiplier_32_DW02_mult_0
                     16000                 saed32rvt_tt1p05v25c
  multiplier_32_DW01_add_1
                     8000                  saed32rvt_tt1p05v25c

  Point                                                   Incr       Path
  --------------------------------------------------------------------------
  clock clk (rise edge)                                   0.00       0.00
  clock network delay (ideal)                             0.00       0.00
  a_reg_reg[1]/CLK (DFFARX1_RVT)                          0.00       0.00 r
  a_reg_reg[1]/Q (DFFARX1_RVT)                            0.12       0.12 r
  mult_27/A[1] (multiplier_32_DW02_mult_0)                0.00       0.12 r
  mult_27/U330/Y (NBUFFX2_RVT)                            0.05       0.17 r
  mult_27/U334/Y (AND2X1_RVT)                             0.05       0.21 r
  mult_27/U315/Y (XOR2X2_RVT)                             0.09       0.30 f
  mult_27/S2_2_28/S (FADDX1_RVT)                          0.11       0.42 r
  mult_27/S2_3_27/S (FADDX1_RVT)                          0.11       0.53 f
  mult_27/S2_4_26/S (FADDX1_RVT)                          0.11       0.64 r
  mult_27/S2_5_25/S (FADDX1_RVT)                          0.11       0.76 f
  mult_27/S2_6_24/S (FADDX1_RVT)                          0.11       0.87 r
  mult_27/S2_7_23/S (FADDX1_RVT)                          0.11       0.98 f
  mult_27/S2_8_22/S (FADDX1_RVT)                          0.11       1.10 r
  mult_27/S2_9_21/CO (FADDX1_RVT)                         0.09       1.18 r
  mult_27/S2_10_21/S (FADDX1_RVT)                         0.12       1.31 f
  mult_27/S2_11_20/S (FADDX1_RVT)                         0.11       1.42 r
  mult_27/S2_12_19/CO (FADDX1_RVT)                        0.09       1.51 r
  mult_27/S2_13_19/S (FADDX1_RVT)                         0.12       1.63 f
  mult_27/S2_14_18/S (FADDX1_RVT)                         0.11       1.75 r
  mult_27/S2_15_17/CO (FADDX1_RVT)                        0.09       1.83 r
  mult_27/S2_16_17/S (FADDX1_RVT)                         0.12       1.96 f
  mult_27/S2_17_16/S (FADDX1_RVT)                         0.11       2.07 r
  mult_27/S2_18_15/S (FADDX1_RVT)                         0.11       2.18 f
  mult_27/S2_19_14/S (FADDX1_RVT)                         0.11       2.30 r
  mult_27/S2_20_13/S (FADDX1_RVT)                         0.11       2.41 f
  mult_27/S2_21_12/S (FADDX1_RVT)                         0.11       2.52 r
  mult_27/S2_22_11/S (FADDX1_RVT)                         0.11       2.64 f
  mult_27/S2_23_10/S (FADDX1_RVT)                         0.11       2.75 r
  mult_27/S2_24_9/S (FADDX1_RVT)                          0.11       2.86 f
  mult_27/S2_25_8/S (FADDX1_RVT)                          0.11       2.98 r
  mult_27/S2_26_7/S (FADDX1_RVT)                          0.11       3.09 f
  mult_27/S2_27_6/S (FADDX1_RVT)                          0.11       3.20 r
  mult_27/S2_28_5/CO (FADDX1_RVT)                         0.09       3.29 r
  mult_27/S2_29_5/S (FADDX1_RVT)                          0.12       3.42 f
  mult_27/S2_30_4/S (FADDX1_RVT)                          0.11       3.53 r
  mult_27/S4_3/CO (FADDX1_RVT)                            0.09       3.62 r
  mult_27/U242/Y (XOR2X2_RVT)                             0.09       3.71 f
  mult_27/FS_1/A[33] (multiplier_32_DW01_add_1)           0.00       3.71 f
  mult_27/FS_1/U306/Y (OR2X1_RVT)                         0.05       3.76 f
  mult_27/FS_1/U28/Y (AND3X1_RVT)                         0.06       3.82 f
  mult_27/FS_1/U107/Y (AND2X1_RVT)                        0.06       3.87 f
  mult_27/FS_1/U50/Y (AND2X1_RVT)                         0.05       3.92 f
  mult_27/FS_1/U270/Y (NAND2X0_RVT)                       0.04       3.96 r
  mult_27/FS_1/U269/Y (NAND3X0_RVT)                       0.04       4.00 f
  mult_27/FS_1/U265/Y (AO21X1_RVT)                        0.06       4.06 f
  mult_27/FS_1/U105/Y (XNOR2X1_RVT)                       0.09       4.14 r
  mult_27/FS_1/SUM[42] (multiplier_32_DW01_add_1)         0.00       4.14 r
  mult_27/PRODUCT[44] (multiplier_32_DW02_mult_0)         0.00       4.14 r
  result_reg[44]/D (DFFARX1_RVT)                          0.01       4.15 r
  data arrival time                                                  4.15

  clock clk (rise edge)                                   1.00       1.00
  clock network delay (ideal)                             0.00       1.00
  result_reg[44]/CLK (DFFARX1_RVT)                        0.00       1.00 r
  library setup time                                     -0.03       0.97
  data required time                                                 0.97
  --------------------------------------------------------------------------
  data required time                                                 0.97
  data arrival time                                                 -4.15
  --------------------------------------------------------------------------
  slack (VIOLATED)                                                  -3.19


  Startpoint: a_reg_reg[1]
              (rising edge-triggered flip-flop clocked by clk)
  Endpoint: result_reg[61]
            (rising edge-triggered flip-flop clocked by clk)
  Path Group: clk
  Path Type: max

  Des/Clust/Port     Wire Load Model       Library
  ------------------------------------------------
  multiplier_32      16000                 saed32rvt_tt1p05v25c
  multiplier_32_DW02_mult_0
                     16000                 saed32rvt_tt1p05v25c
  multiplier_32_DW01_add_1
                     8000                  saed32rvt_tt1p05v25c

  Point                                                   Incr       Path
  --------------------------------------------------------------------------
  clock clk (rise edge)                                   0.00       0.00
  clock network delay (ideal)                             0.00       0.00
  a_reg_reg[1]/CLK (DFFARX1_RVT)                          0.00       0.00 r
  a_reg_reg[1]/Q (DFFARX1_RVT)                            0.12       0.12 r
  mult_27/A[1] (multiplier_32_DW02_mult_0)                0.00       0.12 r
  mult_27/U330/Y (NBUFFX2_RVT)                            0.05       0.17 r
  mult_27/U334/Y (AND2X1_RVT)                             0.05       0.21 r
  mult_27/U315/Y (XOR2X2_RVT)                             0.09       0.30 f
  mult_27/S2_2_28/S (FADDX1_RVT)                          0.11       0.42 r
  mult_27/S2_3_27/S (FADDX1_RVT)                          0.11       0.53 f
  mult_27/S2_4_26/S (FADDX1_RVT)                          0.11       0.64 r
  mult_27/S2_5_25/CO (FADDX1_RVT)                         0.09       0.73 r
  mult_27/S2_6_25/S (FADDX1_RVT)                          0.12       0.85 f
  mult_27/S2_7_24/S (FADDX1_RVT)                          0.11       0.97 r
  mult_27/S2_8_23/CO (FADDX1_RVT)                         0.09       1.05 r
  mult_27/S2_9_23/S (FADDX1_RVT)                          0.12       1.18 f
  mult_27/S2_10_22/S (FADDX1_RVT)                         0.11       1.29 r
  mult_27/S2_11_21/CO (FADDX1_RVT)                        0.09       1.38 r
  mult_27/S2_12_21/S (FADDX1_RVT)                         0.12       1.50 f
  mult_27/S2_13_20/S (FADDX1_RVT)                         0.11       1.62 r
  mult_27/S2_14_19/S (FADDX1_RVT)                         0.11       1.73 f
  mult_27/S2_15_18/S (FADDX1_RVT)                         0.11       1.84 r
  mult_27/S2_16_17/CO (FADDX1_RVT)                        0.09       1.93 r
  mult_27/S2_17_17/S (FADDX1_RVT)                         0.12       2.05 f
  mult_27/S2_18_16/S (FADDX1_RVT)                         0.11       2.17 r
  mult_27/S2_19_15/CO (FADDX1_RVT)                        0.09       2.25 r
  mult_27/S2_20_15/S (FADDX1_RVT)                         0.12       2.38 f
  mult_27/S2_21_14/S (FADDX1_RVT)                         0.11       2.49 r
  mult_27/S2_22_13/CO (FADDX1_RVT)                        0.09       2.58 r
  mult_27/S2_23_13/S (FADDX1_RVT)                         0.12       2.70 f
  mult_27/S2_24_12/S (FADDX1_RVT)                         0.11       2.82 r
  mult_27/S2_25_11/CO (FADDX1_RVT)                        0.09       2.90 r
  mult_27/S2_26_11/S (FADDX1_RVT)                         0.12       3.03 f
  mult_27/S2_27_10/S (FADDX1_RVT)                         0.11       3.14 r
  mult_27/S2_28_9/CO (FADDX1_RVT)                         0.09       3.23 r
  mult_27/S2_29_9/S (FADDX1_RVT)                          0.12       3.35 f
  mult_27/S2_30_8/S (FADDX1_RVT)                          0.11       3.47 r
  mult_27/S4_7/S (FADDX1_RVT)                             0.12       3.58 f
  mult_27/U247/Y (XOR2X2_RVT)                             0.09       3.67 r
  mult_27/FS_1/A[36] (multiplier_32_DW01_add_1)           0.00       3.67 r
  mult_27/FS_1/U280/Y (AND2X1_RVT)                        0.04       3.71 r
  mult_27/FS_1/U279/Y (NAND3X0_RVT)                       0.05       3.76 f
  mult_27/FS_1/U278/Y (NAND3X0_RVT)                       0.05       3.81 r
  mult_27/FS_1/U71/Y (AND2X1_RVT)                         0.05       3.85 r
  mult_27/FS_1/U53/Y (OR2X2_RVT)                          0.05       3.90 r
  mult_27/FS_1/U171/Y (NAND4X0_RVT)                       0.06       3.96 f
  mult_27/FS_1/U170/Y (NAND4X0_RVT)                       0.05       4.01 r
  mult_27/FS_1/U74/Y (AO21X1_RVT)                         0.06       4.08 r
  mult_27/FS_1/U40/Y (XOR2X2_RVT)                         0.08       4.16 f
  mult_27/FS_1/SUM[59] (multiplier_32_DW01_add_1)         0.00       4.16 f
  mult_27/PRODUCT[61] (multiplier_32_DW02_mult_0)         0.00       4.16 f
  result_reg[61]/D (DFFARX1_RVT)                          0.01       4.17 f
  data arrival time                                                  4.17

  clock clk (rise edge)                                   1.00       1.00
  clock network delay (ideal)                             0.00       1.00
  result_reg[61]/CLK (DFFARX1_RVT)                        0.00       1.00 r
  library setup time                                     -0.02       0.98
  data required time                                                 0.98
  --------------------------------------------------------------------------
  data required time                                                 0.98
  data arrival time                                                 -4.17
  --------------------------------------------------------------------------
  slack (VIOLATED)                                                  -3.18


1
